// Jest Snapshot v1, https://goo.gl/fbAQLP

exports[`WidgetTitle should match snapshot! 1`] = `
<h3
  className="widget-title"
>
  Testing is great!
</h3>
`;
