// Jest Snapshot v1, https://goo.gl/fbAQLP

exports[`WidgetSpin should match snapshot! 1`] = `
<div
  className="h-20"
>
  <div
    className="ant-spin-nested-loading widget-spin"
  >
    <div>
      <div
        aria-busy={true}
        aria-live="polite"
        className="ant-spin ant-spin-spinning"
      >
        <span
          className="ant-spin-dot ant-spin-dot-spin"
        >
          <i
            className="ant-spin-dot-item"
          />
          <i
            className="ant-spin-dot-item"
          />
          <i
            className="ant-spin-dot-item"
          />
          <i
            className="ant-spin-dot-item"
          />
        </span>
      </div>
    </div>
    <div
      className="ant-spin-container ant-spin-blur"
    >
      Hello spinner!
    </div>
  </div>
</div>
`;
